// Jest Snapshot v1, https://goo.gl/fbAQLP

exports[`Breadcrumb renders as expected 1`] = `
<li>
  <a
    aria-current="page"
    className=""
    href="/"
    onClick={[Function]}
    onMouseEnter={[Function]}
    style={Object {}}
  >
    <a>
      Test Breadcrumb
    </a>
  </a>
</li>
`;
